[www.lemoncityrp.it/index.html]
[backblue.gif]
[fade.gif]
[index.html]
[www.lemoncityrp.it/assets/img/icon-logo.png]
[www.lemoncityrp.it/assets/img/apple-touch-icon.png]
[www.lemoncityrp.it/assets/vendor/aos/aos.css]
[www.lemoncityrp.it/assets/vendor/bootstrap/css/bootstrap.min.css]
[www.lemoncityrp.it/assets/vendor/bootstrap-icons/bootstrap-icons.css]
[www.lemoncityrp.it/assets/vendor/boxicons/css/boxicons.min.css]
[www.lemoncityrp.it/assets/vendor/glightbox/css/glightbox.min.css]
[www.lemoncityrp.it/assets/vendor/swiper/swiper-bundle.min.css]
[www.lemoncityrp.it/assets/css/style.css]
[www.lemoncityrp.it/changelog.html]
[www.lemoncityrp.it/assets/img/hero-img.png]
[www.lemoncityrp.it/assets/img/features.png]
[upload.lemoncityrp.it/Instagram.svg.png]
[www.lemoncityrp.it/tos.html]
[www.lemoncityrp.it/database.html]
[www.lemoncityrp.it/assets/vendor/aos/aos.js]
[www.lemoncityrp.it/assets/vendor/bootstrap/js/bootstrap.bundle.min.js]
[www.lemoncityrp.it/assets/vendor/glightbox/js/glightbox.min.js]
[www.lemoncityrp.it/assets/vendor/isotope-layout/isotope.pkgd.min.js]
[www.lemoncityrp.it/assets/vendor/purecounter/purecounter.js]
[www.lemoncityrp.it/assets/vendor/swiper/swiper-bundle.min.js]
[kit.fontawesome.com/2b98d1dd1f.js]
[www.lemoncityrp.it/assets/js/main.js]
[www.lemoncityrp.it/index.html]
[www.lemoncityrp.it/assets/js/vanilla-tilt.js]
[www.lemoncityrp.it/assets/vendor/aos/aos.css]
[www.lemoncityrp.it/assets/vendor/bootstrap/css/bootstrap.min.css]
[www.lemoncityrp.it/assets/vendor/bootstrap-icons/bootstrap-icons.css]
[www.lemoncityrp.it/assets/vendor/bootstrap-icons/fonts/bootstrap-iconse36a.woff]
[www.lemoncityrp.it/assets/vendor/boxicons/fonts/boxicons.eot]
[www.lemoncityrp.it/assets/vendor/boxicons/fonts/boxicons.woff]
[www.lemoncityrp.it/assets/vendor/boxicons/fonts/boxicons.ttf]
[www.lemoncityrp.it/assets/vendor/boxicons/css/boxicons.min.css]
[www.lemoncityrp.it/assets/vendor/glightbox/css/glightbox.min.css]
[www.lemoncityrp.it/assets/vendor/swiper/swiper-bundle.min.css]
[www.lemoncityrp.it/assets/img/hero-bgv8.jpg]
[www.lemoncityrp.it/assets/css/style.css]
[www.lemoncityrp.it/changelog.html]
[www.lemoncityrp.it/index-2.html]
[www.lemoncityrp.it/comedonare.html]
[www.lemoncityrp.it/tos.html]
[database-rp.lemoncityrp.it/lspd/assets/img/icon-lspd.png]
[www.lemoncityrp.it/database.html]
[database-rp.lemoncityrp.it/ems/Assets/img/icon-EMS.png]
[www.lemoncityrp.it/assets/vendor/bootstrap-icons/fonts/bootstrap-iconse36a.html]
[www.lemoncityrp.it/assets/vendor/boxicons/fonts/boxicons.html]
[www.lemoncityrp.it/assets/vendor/boxicons/fonts/boxiconsd41d.svg]
[www.lemoncityrp.it/assets/css/tp.html]
[www.lemoncityrp.it/index-2.html]
[www.lemoncityrp.it/tos-2.html]
[www.lemoncityrp.it/comedonare.html]
[www.lemoncityrp.it/tos-2.html]
[www.lemoncityrp.it/wip.html]
